This is XeTeX, Version 3.141592653-2.6-0.999997 (MiKTeX 25.4) (preloaded format=xelatex 2025.5.3)  22 NOV 2025 21:22
entering extended mode
 restricted \write18 enabled.
 %&-line parsing enabled.
**./experience.tex
(experience.tex
LaTeX2e <2024-11-01> patch level 2
L3 programming layer <2025-03-26>
! Undefined control sequence.
l.1 {\setmainfont
                 {Rubik Medium}\fontsize{11}{14}\selectfont\textcolor{black}...
The control sequence at the end of the top line
of your error message was never \def'ed. If you have
misspelled it (e.g., `\hobx'), type `I' and the correct
spelling (e.g., `I\hbox'). Otherwise just continue,
and I'll forget about whatever was undefined.


! LaTeX Error: Missing \begin{document}.

See the LaTeX manual or LaTeX Companion for explanation.
Type  H <return>  for immediate help.
 ...                                              
                                                  
l.1 {\setmainfont{R
                   ubik Medium}\fontsize{11}{14}\selectfont\textcolor{black}...

You're in trouble here.  Try typing  <return>  to proceed.
If that doesn't work, type  X <return>  to quit.

Missing character: There is no R in font nullfont!
Missing character: There is no u in font nullfont!
Missing character: There is no b in font nullfont!
Missing character: There is no i in font nullfont!
Missing character: There is no k in font nullfont!
Missing character: There is no M in font nullfont!
Missing character: There is no e in font nullfont!
Missing character: There is no d in font nullfont!
Missing character: There is no i in font nullfont!
Missing character: There is no u in font nullfont!
Missing character: There is no m in font nullfont!
! Undefined control sequence.
l.1 ...dium}\fontsize{11}{14}\selectfont\textcolor
                                                  {black}{EXPERIENCE}}\\[2pt]
The control sequence at the end of the top line
of your error message was never \def'ed. If you have
misspelled it (e.g., `\hobx'), type `I' and the correct
spelling (e.g., `I\hbox'). Otherwise just continue,
and I'll forget about whatever was undefined.

! Undefined control sequence.
l.2 \textcolor
              {black}{\rule{\textwidth}{2pt}}\\[-4pt]
The control sequence at the end of the top line
of your error message was never \def'ed. If you have
misspelled it (e.g., `\hobx'), type `I' and the correct
spelling (e.g., `I\hbox'). Otherwise just continue,
and I'll forget about whatever was undefined.

Missing character: There is no b in font nullfont!
Missing character: There is no l in font nullfont!
Missing character: There is no a in font nullfont!
Missing character: There is no c in font nullfont!
Missing character: There is no k in font nullfont!

Overfull \hbox (20.0pt too wide) in paragraph at lines 1--3
[]
 []


Overfull \hbox (28.127pt too wide) in paragraph at lines 1--3
\TU/lmr/m/n/11 black-
 []


Overfull \hbox (18.98601pt too wide) in paragraph at lines 1--3
\TU/lmr/m/n/11 EX-
 []


Overfull \hbox (18.238pt too wide) in paragraph at lines 1--3
\TU/lmr/m/n/11 PE-
 []


Overfull \hbox (15.4pt too wide) in paragraph at lines 1--3
\TU/lmr/m/n/11 RI-
 []


Overfull \hbox (30.503pt too wide) in paragraph at lines 1--3
\TU/lmr/m/n/11 ENCE 
 []


Overfull \hbox (8191.99998pt too wide) in paragraph at lines 1--3
[] 
 []

! Undefined control sequence.
l.4 {\setmainfont
                 {Rubik Medium}\fontsize{10}{14}\selectfont\textcolor{black}...
The control sequence at the end of the top line
of your error message was never \def'ed. If you have
misspelled it (e.g., `\hobx'), type `I' and the correct
spelling (e.g., `I\hbox'). Otherwise just continue,
and I'll forget about whatever was undefined.


! LaTeX Error: Missing \begin{document}.

See the LaTeX manual or LaTeX Companion for explanation.
Type  H <return>  for immediate help.
 ...                                              
                                                  
l.4 {\setmainfont{R
                   ubik Medium}\fontsize{10}{14}\selectfont\textcolor{black}...

You're in trouble here.  Try typing  <return>  to proceed.
If that doesn't work, type  X <return>  to quit.

Missing character: There is no R in font nullfont!
Missing character: There is no u in font nullfont!
Missing character: There is no b in font nullfont!
Missing character: There is no i in font nullfont!
Missing character: There is no k in font nullfont!
Missing character: There is no M in font nullfont!
Missing character: There is no e in font nullfont!
Missing character: There is no d in font nullfont!
Missing character: There is no i in font nullfont!
Missing character: There is no u in font nullfont!
Missing character: There is no m in font nullfont!
! Undefined control sequence.
l.4 ...dium}\fontsize{10}{14}\selectfont\textcolor
                                                  {black}{Senior Senior Algo...
The control sequence at the end of the top line
of your error message was never \def'ed. If you have
misspelled it (e.g., `\hobx'), type `I' and the correct
spelling (e.g., `I\hbox'). Otherwise just continue,
and I'll forget about whatever was undefined.


Overfull \hbox (20.0pt too wide) in paragraph at lines 4--5
[]
 []


Overfull \hbox (26.11pt too wide) in paragraph at lines 4--5
\TU/lmr/m/n/10 black-
 []


Overfull \hbox (13.33pt too wide) in paragraph at lines 4--5
\TU/lmr/m/n/10 Se-
 []


Overfull \hbox (17.26pt too wide) in paragraph at lines 4--5
\TU/lmr/m/n/10 nior
 []


Overfull \hbox (13.33pt too wide) in paragraph at lines 4--5
\TU/lmr/m/n/10 Se-
 []


Overfull \hbox (17.26pt too wide) in paragraph at lines 4--5
\TU/lmr/m/n/10 nior
 []


Overfull \hbox (13.61pt too wide) in paragraph at lines 4--5
\TU/lmr/m/n/10 Al-
 []


Overfull \hbox (13.33pt too wide) in paragraph at lines 4--5
\TU/lmr/m/n/10 go-
 []


Overfull \hbox (24.48pt too wide) in paragraph at lines 4--5
\TU/lmr/m/n/10 rithm
 []


Overfull \hbox (16.12pt too wide) in paragraph at lines 4--5
\TU/lmr/m/n/10 and
 []


Overfull \hbox (21.53pt too wide) in paragraph at lines 4--5
\TU/lmr/m/n/10 Data
 []


Overfull \hbox (19.06pt too wide) in paragraph at lines 4--5
\TU/lmr/m/n/10 Pro-
 []


Overfull \hbox (20.09pt too wide) in paragraph at lines 4--5
\TU/lmr/m/n/10 cess-
 []


Overfull \hbox (13.34pt too wide) in paragraph at lines 4--5
\TU/lmr/m/n/10 ing
 []


Overfull \hbox (15.41pt too wide) in paragraph at lines 4--5
\TU/lmr/m/n/10 De-
 []


Overfull \hbox (15.55pt too wide) in paragraph at lines 4--5
\TU/lmr/m/n/10 vel-
 []


Overfull \hbox (19.2pt too wide) in paragraph at lines 4--5
\TU/lmr/m/n/10 oper 
 []

! Undefined control sequence.
l.6 {\setmainfont
                 {Rubik Medium}\fontsize{10}{14}\selectfont\textcolor{blue}{...
The control sequence at the end of the top line
of your error message was never \def'ed. If you have
misspelled it (e.g., `\hobx'), type `I' and the correct
spelling (e.g., `I\hbox'). Otherwise just continue,
and I'll forget about whatever was undefined.


! LaTeX Error: Missing \begin{document}.

See the LaTeX manual or LaTeX Companion for explanation.
Type  H <return>  for immediate help.
 ...                                              
                                                  
l.6 {\setmainfont{R
                   ubik Medium}\fontsize{10}{14}\selectfont\textcolor{blue}{...

You're in trouble here.  Try typing  <return>  to proceed.
If that doesn't work, type  X <return>  to quit.

Missing character: There is no R in font nullfont!
Missing character: There is no u in font nullfont!
Missing character: There is no b in font nullfont!
Missing character: There is no i in font nullfont!
Missing character: There is no k in font nullfont!
Missing character: There is no M in font nullfont!
Missing character: There is no e in font nullfont!
Missing character: There is no d in font nullfont!
Missing character: There is no i in font nullfont!
Missing character: There is no u in font nullfont!
Missing character: There is no m in font nullfont!
! Undefined control sequence.
l.6 ...dium}\fontsize{10}{14}\selectfont\textcolor
                                                  {blue}{Scantinel Photonics...
The control sequence at the end of the top line
of your error message was never \def'ed. If you have
misspelled it (e.g., `\hobx'), type `I' and the correct
spelling (e.g., `I\hbox'). Otherwise just continue,
and I'll forget about whatever was undefined.


Overfull \hbox (20.0pt too wide) in paragraph at lines 6--7
[]
 []


Overfull \hbox (27.23pt too wide) in paragraph at lines 6--7
\TU/lmr/m/n/10 blueS-
 []


Overfull \hbox (21.94pt too wide) in paragraph at lines 6--7
\TU/lmr/m/n/10 cant-
 []


Overfull \hbox (15.56pt too wide) in paragraph at lines 6--7
\TU/lmr/m/n/10 inel
 []


Overfull \hbox (20.7pt too wide) in paragraph at lines 6--7
\TU/lmr/m/n/10 Pho-
 []


Overfull \hbox (17.78pt too wide) in paragraph at lines 6--7
\TU/lmr/m/n/10 ton-
 []


Overfull \hbox (11.16pt too wide) in paragraph at lines 6--7
\TU/lmr/m/n/10 ics
 []


Overfull \hbox (28.96pt too wide) in paragraph at lines 6--7
\TU/lmr/m/n/10 GmbH 
 []

! Undefined control sequence.
l.8 {\fontspec
              {Rubik Light}[Scale=0.8]
The control sequence at the end of the top line
of your error message was never \def'ed. If you have
misspelled it (e.g., `\hobx'), type `I' and the correct
spelling (e.g., `I\hbox'). Otherwise just continue,
and I'll forget about whatever was undefined.


! LaTeX Error: Missing \begin{document}.

See the LaTeX manual or LaTeX Companion for explanation.
Type  H <return>  for immediate help.
 ...                                              
                                                  
l.8 {\fontspec{R
                ubik Light}[Scale=0.8]
You're in trouble here.  Try typing  <return>  to proceed.
If that doesn't work, type  X <return>  to quit.

Missing character: There is no R in font nullfont!
Missing character: There is no u in font nullfont!
Missing character: There is no b in font nullfont!
Missing character: There is no i in font nullfont!
Missing character: There is no k in font nullfont!
Missing character: There is no L in font nullfont!
Missing character: There is no i in font nullfont!
Missing character: There is no g in font nullfont!
Missing character: There is no h in font nullfont!
Missing character: There is no t in font nullfont!
Missing character: There is no [ in font nullfont!
Missing character: There is no S in font nullfont!
Missing character: There is no c in font nullfont!
Missing character: There is no a in font nullfont!
Missing character: There is no l in font nullfont!
Missing character: There is no e in font nullfont!
Missing character: There is no = in font nullfont!
Missing character: There is no 0 in font nullfont!
Missing character: There is no . in font nullfont!
Missing character: There is no 8 in font nullfont!
Missing character: There is no ] in font nullfont!
! Undefined control sequence.
l.9 \textcolor
              {gray}{
The control sequence at the end of the top line
of your error message was never \def'ed. If you have
misspelled it (e.g., `\hobx'), type `I' and the correct
spelling (e.g., `I\hbox'). Otherwise just continue,
and I'll forget about whatever was undefined.

Missing character: There is no g in font nullfont!
Missing character: There is no r in font nullfont!
Missing character: There is no a in font nullfont!
Missing character: There is no y in font nullfont!
! Undefined control sequence.
l.10 \faCalendar
                \hspace{4pt}09/2021 - 30/2025\hspace{1.5em}
The control sequence at the end of the top line
of your error message was never \def'ed. If you have
misspelled it (e.g., `\hobx'), type `I' and the correct
spelling (e.g., `I\hbox'). Otherwise just continue,
and I'll forget about whatever was undefined.

Missing character: There is no 0 in font nullfont!
Missing character: There is no 9 in font nullfont!
Missing character: There is no / in font nullfont!
Missing character: There is no 2 in font nullfont!
Missing character: There is no 0 in font nullfont!
Missing character: There is no 2 in font nullfont!
Missing character: There is no 1 in font nullfont!
Missing character: There is no - in font nullfont!
Missing character: There is no 3 in font nullfont!
Missing character: There is no 0 in font nullfont!
Missing character: There is no / in font nullfont!
Missing character: There is no 2 in font nullfont!
Missing character: There is no 0 in font nullfont!
Missing character: There is no 2 in font nullfont!
Missing character: There is no 5 in font nullfont!
! Undefined control sequence.
l.11 \faMapMarker
                 *\hspace{4pt}Ulm, Baden-Württemberg, Germany
The control sequence at the end of the top line
of your error message was never \def'ed. If you have
misspelled it (e.g., `\hobx'), type `I' and the correct
spelling (e.g., `I\hbox'). Otherwise just continue,
and I'll forget about whatever was undefined.

Missing character: There is no * in font nullfont!
Missing character: There is no U in font nullfont!
Missing character: There is no l in font nullfont!
Missing character: There is no m in font nullfont!
Missing character: There is no , in font nullfont!
Missing character: There is no B in font nullfont!
Missing character: There is no a in font nullfont!
Missing character: There is no d in font nullfont!
Missing character: There is no e in font nullfont!
Missing character: There is no n in font nullfont!
Missing character: There is no - in font nullfont!
Missing character: There is no W in font nullfont!
Missing character: There is no ü in font nullfont!
Missing character: There is no r in font nullfont!
Missing character: There is no t in font nullfont!
Missing character: There is no t in font nullfont!
Missing character: There is no e in font nullfont!
Missing character: There is no m in font nullfont!
Missing character: There is no b in font nullfont!
Missing character: There is no e in font nullfont!
Missing character: There is no r in font nullfont!
Missing character: There is no g in font nullfont!
Missing character: There is no , in font nullfont!
Missing character: There is no G in font nullfont!
Missing character: There is no e in font nullfont!
Missing character: There is no r in font nullfont!
Missing character: There is no m in font nullfont!
Missing character: There is no a in font nullfont!
Missing character: There is no n in font nullfont!
Missing character: There is no y in font nullfont!

Overfull \hbox (20.0pt too wide) in paragraph at lines 8--13
[]
 []

! Undefined control sequence.
l.14 {\setmainfont
                  {Rubik Light}\fontsize{10}{13}\selectfont
The control sequence at the end of the top line
of your error message was never \def'ed. If you have
misspelled it (e.g., `\hobx'), type `I' and the correct
spelling (e.g., `I\hbox'). Otherwise just continue,
and I'll forget about whatever was undefined.


! LaTeX Error: Missing \begin{document}.

See the LaTeX manual or LaTeX Companion for explanation.
Type  H <return>  for immediate help.
 ...                                              
                                                  
l.14 {\setmainfont{R
                    ubik Light}\fontsize{10}{13}\selectfont
You're in trouble here.  Try typing  <return>  to proceed.
If that doesn't work, type  X <return>  to quit.

Missing character: There is no R in font nullfont!
Missing character: There is no u in font nullfont!
Missing character: There is no b in font nullfont!
Missing character: There is no i in font nullfont!
Missing character: There is no k in font nullfont!
Missing character: There is no L in font nullfont!
Missing character: There is no i in font nullfont!
Missing character: There is no g in font nullfont!
Missing character: There is no h in font nullfont!
Missing character: There is no t in font nullfont!
! Undefined control sequence.
l.15 \color
           {gray}
The control sequence at the end of the top line
of your error message was never \def'ed. If you have
misspelled it (e.g., `\hobx'), type `I' and the correct
spelling (e.g., `I\hbox'). Otherwise just continue,
and I'll forget about whatever was undefined.


Overfull \hbox (20.0pt too wide) in paragraph at lines 14--23
[]
 []


Overfull \hbox (18.92pt too wide) in paragraph at lines 14--23
\TU/lmr/m/n/10 gray
 []

LaTeX Font Info:    External font `cmex10' loaded for size
(Font)              <7> on input line 24.
LaTeX Font Info:    External font `cmex10' loaded for size
(Font)              <5> on input line 24.

Overfull \hbox (17.00002pt too wide) in paragraph at lines 24--25
[]
 []


Overfull \hbox (57.14pt too wide) in paragraph at lines 24--25
\TU/lmr/m/n/10 Developed
 []


Overfull \hbox (17.0pt too wide) in paragraph at lines 24--25
\TU/lmr/m/n/10 a
 []


Overfull \hbox (34.5pt too wide) in paragraph at lines 24--25
\TU/lmr/m/n/10 novel
 []


Overfull \hbox (23.11pt too wide) in paragraph at lines 24--25
\TU/lmr/m/n/10 al-
 []


Overfull \hbox (25.33pt too wide) in paragraph at lines 24--25
\TU/lmr/m/n/10 go-
 []


Overfull \hbox (36.48pt too wide) in paragraph at lines 24--25
\TU/lmr/m/n/10 rithm
 []


Overfull \hbox (25.89pt too wide) in paragraph at lines 24--25
\TU/lmr/m/n/10 ad-
 []


Overfull \hbox (37.13pt too wide) in paragraph at lines 24--25
\TU/lmr/m/n/10 dress-
 []


Overfull \hbox (25.34pt too wide) in paragraph at lines 24--25
\TU/lmr/m/n/10 ing
 []


Overfull \hbox (46.90001pt too wide) in paragraph at lines 24--25
\TU/lmr/m/n/10 Doppler
 []


Overfull \hbox (28.66pt too wide) in paragraph at lines 24--25
\TU/lmr/m/n/10 am-
 []


Overfull \hbox (23.67pt too wide) in paragraph at lines 24--25
\TU/lmr/m/n/10 bi-
 []


Overfull \hbox (25.89pt too wide) in paragraph at lines 24--25
\TU/lmr/m/n/10 gu-
 []


Overfull \hbox (23.67pt too wide) in paragraph at lines 24--25
\TU/lmr/m/n/10 ity
 []


Overfull \hbox (20.34pt too wide) in paragraph at lines 24--25
\TU/lmr/m/n/10 in
 []


Overfull \hbox (45.2pt too wide) in paragraph at lines 24--25
\TU/lmr/m/n/10 FMCW
 []


Overfull \hbox (25.19pt too wide) in paragraph at lines 24--25
\TU/lmr/m/n/10 LI-
 []


Overfull \hbox (37.0pt too wide) in paragraph at lines 24--25
\TU/lmr/m/n/10 DAR,
 []


Overfull \hbox (31.45pt too wide) in paragraph at lines 24--25
\TU/lmr/m/n/10 with
 []


Overfull \hbox (23.69pt too wide) in paragraph at lines 24--25
\TU/lmr/m/n/10 re-
 []


Overfull \hbox (39.02pt too wide) in paragraph at lines 24--25
\TU/lmr/m/n/10 search
 []


Overfull \hbox (22.56pt too wide) in paragraph at lines 24--25
\TU/lmr/m/n/10 on
 []


Overfull \hbox (23.69pt too wide) in paragraph at lines 24--25
\TU/lmr/m/n/10 re-
 []


Overfull \hbox (30.05pt too wide) in paragraph at lines 24--25
\TU/lmr/m/n/10 cent
 []


Overfull \hbox (32.01pt too wide) in paragraph at lines 24--25
\TU/lmr/m/n/10 pub-
 []


Overfull \hbox (20.89pt too wide) in paragraph at lines 24--25
\TU/lmr/m/n/10 li-
 []


Overfull \hbox (24.77pt too wide) in paragraph at lines 24--25
\TU/lmr/m/n/10 ca-
 []


Overfull \hbox (33.17pt too wide) in paragraph at lines 24--25
\TU/lmr/m/n/10 tions
 []


Overfull \hbox (28.95pt too wide) in paragraph at lines 24--25
\TU/lmr/m/n/10 into
 []


Overfull \hbox (34.25pt too wide) in paragraph at lines 24--25
\TU/lmr/m/n/10 prac-
 []


Overfull \hbox (22.0pt too wide) in paragraph at lines 24--25
\TU/lmr/m/n/10 ti-
 []


Overfull \hbox (24.22pt too wide) in paragraph at lines 24--25
\TU/lmr/m/n/10 cal
 []


Overfull \hbox (26.44pt too wide) in paragraph at lines 24--25
\TU/lmr/m/n/10 im-
 []


Overfull \hbox (28.11pt too wide) in paragraph at lines 24--25
\TU/lmr/m/n/10 ple-
 []


Overfull \hbox (33.66pt too wide) in paragraph at lines 24--25
\TU/lmr/m/n/10 men-
 []


Overfull \hbox (24.22pt too wide) in paragraph at lines 24--25
\TU/lmr/m/n/10 ta-
 []


Overfull \hbox (33.17pt too wide) in paragraph at lines 24--25
\TU/lmr/m/n/10 tions
 []


Overfull \hbox (31.45pt too wide) in paragraph at lines 24--25
\TU/lmr/m/n/10 with
 []


Overfull \hbox (51.16pt too wide) in paragraph at lines 24--25
\TU/lmr/m/n/10 CARLA-
 []


Overfull \hbox (36.5pt too wide) in paragraph at lines 24--25
\TU/lmr/m/n/10 based
 []


Overfull \hbox (30.38pt too wide) in paragraph at lines 24--25
\TU/lmr/m/n/10 sim-
 []


Overfull \hbox (20.89pt too wide) in paragraph at lines 24--25
\TU/lmr/m/n/10 u-
 []


Overfull \hbox (23.11pt too wide) in paragraph at lines 24--25
\TU/lmr/m/n/10 la-
 []


Overfull \hbox (32.01pt too wide) in paragraph at lines 24--25
\TU/lmr/m/n/10 tion. 
 []


Overfull \hbox (17.00002pt too wide) in paragraph at lines 25--26
[]
 []


Overfull \hbox (68.66pt too wide) in paragraph at lines 25--26
\TU/lmr/m/n/10 Implemented
 []


Overfull \hbox (22.56pt too wide) in paragraph at lines 25--26
\TU/lmr/m/n/10 an
 []


Overfull \hbox (23.67pt too wide) in paragraph at lines 25--26
\TU/lmr/m/n/10 in-
 []


Overfull \hbox (27.58pt too wide) in paragraph at lines 25--26
\TU/lmr/m/n/10 ter-
 []


Overfull \hbox (25.34pt too wide) in paragraph at lines 25--26
\TU/lmr/m/n/10 nal
 []


Overfull \hbox (29.53pt too wide) in paragraph at lines 25--26
\TU/lmr/m/n/10 per-
 []


Overfull \hbox (29.77pt too wide) in paragraph at lines 25--26
\TU/lmr/m/n/10 cep-
 []


Overfull \hbox (29.23pt too wide) in paragraph at lines 25--26
\TU/lmr/m/n/10 tion
 []


Overfull \hbox (46.18001pt too wide) in paragraph at lines 25--26
\TU/lmr/m/n/10 pipeline
 []


Overfull \hbox (31.45pt too wide) in paragraph at lines 25--26
\TU/lmr/m/n/10 with
 []


Overfull \hbox (34.79001pt too wide) in paragraph at lines 25--26
\TU/lmr/m/n/10 point
 []


Overfull \hbox (35.34pt too wide) in paragraph at lines 25--26
\TU/lmr/m/n/10 cloud
 []


Overfull \hbox (34.5pt too wide) in paragraph at lines 25--26
\TU/lmr/m/n/10 novel
 []


Overfull \hbox (23.67pt too wide) in paragraph at lines 25--26
\TU/lmr/m/n/10 fil-
 []


Overfull \hbox (27.58pt too wide) in paragraph at lines 25--26
\TU/lmr/m/n/10 ter-
 []


Overfull \hbox (25.34pt too wide) in paragraph at lines 25--26
\TU/lmr/m/n/10 ing
 []


Overfull \hbox (23.11pt too wide) in paragraph at lines 25--26
\TU/lmr/m/n/10 al-
 []


Overfull \hbox (25.33pt too wide) in paragraph at lines 25--26
\TU/lmr/m/n/10 go-
 []


Overfull \hbox (43.2pt too wide) in paragraph at lines 25--26
\TU/lmr/m/n/10 rithms,
 []


Overfull \hbox (43.3pt too wide) in paragraph at lines 25--26
\TU/lmr/m/n/10 Ransac
 []


Overfull \hbox (28.71pt too wide) in paragraph at lines 25--26
\TU/lmr/m/n/10 seg-
 []


Overfull \hbox (33.66pt too wide) in paragraph at lines 25--26
\TU/lmr/m/n/10 men-
 []


Overfull \hbox (24.22pt too wide) in paragraph at lines 25--26
\TU/lmr/m/n/10 ta-
 []


Overfull \hbox (32.01pt too wide) in paragraph at lines 25--26
\TU/lmr/m/n/10 tion,
 []


Overfull \hbox (35.06pt too wide) in paragraph at lines 25--26
\TU/lmr/m/n/10 kNN,
 []


Overfull \hbox (30.75pt too wide) in paragraph at lines 25--26
\TU/lmr/m/n/10 KD-
 []


Overfull \hbox (28.69pt too wide) in paragraph at lines 25--26
\TU/lmr/m/n/10 tree
 []


Overfull \hbox (23.98pt too wide) in paragraph at lines 25--26
\TU/lmr/m/n/10 for
 []


Overfull \hbox (25.89pt too wide) in paragraph at lines 25--26
\TU/lmr/m/n/10 ob-
 []


Overfull \hbox (27.83pt too wide) in paragraph at lines 25--26
\TU/lmr/m/n/10 ject
 []


Overfull \hbox (25.33pt too wide) in paragraph at lines 25--26
\TU/lmr/m/n/10 de-
 []


Overfull \hbox (28.1pt too wide) in paragraph at lines 25--26
\TU/lmr/m/n/10 tec-
 []


Overfull \hbox (29.23pt too wide) in paragraph at lines 25--26
\TU/lmr/m/n/10 tion
 []


Overfull \hbox (28.12pt too wide) in paragraph at lines 25--26
\TU/lmr/m/n/10 and
 []


Overfull \hbox (46.45pt too wide) in paragraph at lines 25--26
\TU/lmr/m/n/10 Kalman
 []


Overfull \hbox (37.58pt too wide) in paragraph at lines 25--26
\TU/lmr/m/n/10 track-
 []


Overfull \hbox (28.12pt too wide) in paragraph at lines 25--26
\TU/lmr/m/n/10 ing. 
 []




! LaTeX Error: The font size command \normalsize is not defined:
               there is probably something wrong with the class file.

See the LaTeX manual or LaTeX Companion for explanation.
Type  H <return>  for immediate help.
 ...                                              
                                                  
l.26   \item I
              mplemented PointNet and PV-RCNN in PyTorch, building a Docker-...

Your command was ignored.
Type  I <command> <return>  to replace it with another command,
or  <return>  to continue without it.

[1]
Overfull \hbox (17.00002pt too wide) in paragraph at lines 26--27
[]
 []


Overfull \hbox (68.66pt too wide) in paragraph at lines 26--27
\TU/lmr/m/n/10 Implemented
 []


Overfull \hbox (38.81pt too wide) in paragraph at lines 26--27
\TU/lmr/m/n/10 Point-
 []


Overfull \hbox (27.83pt too wide) in paragraph at lines 26--27
\TU/lmr/m/n/10 Net
 []


Overfull \hbox (28.12pt too wide) in paragraph at lines 26--27
\TU/lmr/m/n/10 and
 []


Overfull \hbox (29.64pt too wide) in paragraph at lines 26--27
\TU/lmr/m/n/10 PV-
 []


Overfull \hbox (41.3pt too wide) in paragraph at lines 26--27
\TU/lmr/m/n/10 RCNN
 []


Overfull \hbox (20.34pt too wide) in paragraph at lines 26--27
\TU/lmr/m/n/10 in
 []


Overfull \hbox (27.42pt too wide) in paragraph at lines 26--27
\TU/lmr/m/n/10 Py-
 []


Overfull \hbox (39.81pt too wide) in paragraph at lines 26--27
\TU/lmr/m/n/10 Torch,
 []


Overfull \hbox (37.57pt too wide) in paragraph at lines 26--27
\TU/lmr/m/n/10 build-
 []


Overfull \hbox (25.34pt too wide) in paragraph at lines 26--27
\TU/lmr/m/n/10 ing
 []


Overfull \hbox (17.0pt too wide) in paragraph at lines 26--27
\TU/lmr/m/n/10 a
 []


Overfull \hbox (45.77pt too wide) in paragraph at lines 26--27
\TU/lmr/m/n/10 Docker-
 []


Overfull \hbox (36.5pt too wide) in paragraph at lines 26--27
\TU/lmr/m/n/10 based
 []


Overfull \hbox (25.33pt too wide) in paragraph at lines 26--27
\TU/lmr/m/n/10 de-
 []


Overfull \hbox (27.55pt too wide) in paragraph at lines 26--27
\TU/lmr/m/n/10 vel-
 []


Overfull \hbox (25.89pt too wide) in paragraph at lines 26--27
\TU/lmr/m/n/10 op-
 []


Overfull \hbox (33.94pt too wide) in paragraph at lines 26--27
\TU/lmr/m/n/10 ment
 []


Overfull \hbox (25.33pt too wide) in paragraph at lines 26--27
\TU/lmr/m/n/10 en-
 []


Overfull \hbox (23.39pt too wide) in paragraph at lines 26--27
\TU/lmr/m/n/10 vi-
 []


Overfull \hbox (29.81pt too wide) in paragraph at lines 26--27
\TU/lmr/m/n/10 ron-
 []


Overfull \hbox (36.72pt too wide) in paragraph at lines 26--27
\TU/lmr/m/n/10 ment. 
 []


Overfull \hbox (17.00002pt too wide) in paragraph at lines 27--28
[]
 []


Overfull \hbox (57.14pt too wide) in paragraph at lines 27--28
\TU/lmr/m/n/10 Developed
 []


Overfull \hbox (36.17pt too wide) in paragraph at lines 27--28
\TU/lmr/m/n/10 pixel-
 []


Overfull \hbox (31.44pt too wide) in paragraph at lines 27--28
\TU/lmr/m/n/10 level
 []


Overfull \hbox (28.16pt too wide) in paragraph at lines 27--28
\TU/lmr/m/n/10 sta-
 []


Overfull \hbox (25.94pt too wide) in paragraph at lines 27--28
\TU/lmr/m/n/10 tis-
 []


Overfull \hbox (22.0pt too wide) in paragraph at lines 27--28
\TU/lmr/m/n/10 ti-
 []


Overfull \hbox (24.22pt too wide) in paragraph at lines 27--28
\TU/lmr/m/n/10 cal
 []


Overfull \hbox (33.67pt too wide) in paragraph at lines 27--28
\TU/lmr/m/n/10 anal-
 []


Overfull \hbox (20.61pt too wide) in paragraph at lines 27--28
\TU/lmr/m/n/10 y-
 []


Overfull \hbox (22.66pt too wide) in paragraph at lines 27--28
\TU/lmr/m/n/10 sis
 []


Overfull \hbox (32.89pt too wide) in paragraph at lines 27--28
\TU/lmr/m/n/10 tools
 []


Overfull \hbox (20.89pt too wide) in paragraph at lines 27--28
\TU/lmr/m/n/10 to
 []


Overfull \hbox (32.27pt too wide) in paragraph at lines 27--28
\TU/lmr/m/n/10 eval-
 []


Overfull \hbox (20.89pt too wide) in paragraph at lines 27--28
\TU/lmr/m/n/10 u-
 []


Overfull \hbox (25.33pt too wide) in paragraph at lines 27--28
\TU/lmr/m/n/10 ate
 []


Overfull \hbox (26.73pt too wide) in paragraph at lines 27--28
\TU/lmr/m/n/10 dif-
 []


Overfull \hbox (26.75pt too wide) in paragraph at lines 27--28
\TU/lmr/m/n/10 fer-
 []


Overfull \hbox (25.61pt too wide) in paragraph at lines 27--28
\TU/lmr/m/n/10 ent
 []


Overfull \hbox (23.67pt too wide) in paragraph at lines 27--28
\TU/lmr/m/n/10 fil-
 []


Overfull \hbox (27.58pt too wide) in paragraph at lines 27--28
\TU/lmr/m/n/10 ter-
 []


Overfull \hbox (25.34pt too wide) in paragraph at lines 27--28
\TU/lmr/m/n/10 ing
 []


Overfull \hbox (28.12pt too wide) in paragraph at lines 27--28
\TU/lmr/m/n/10 and
 []


Overfull \hbox (32.56pt too wide) in paragraph at lines 27--28
\TU/lmr/m/n/10 peak
 []


Overfull \hbox (25.33pt too wide) in paragraph at lines 27--28
\TU/lmr/m/n/10 de-
 []


Overfull \hbox (28.1pt too wide) in paragraph at lines 27--28
\TU/lmr/m/n/10 tec-
 []


Overfull \hbox (29.23pt too wide) in paragraph at lines 27--28
\TU/lmr/m/n/10 tion
 []


Overfull \hbox (23.11pt too wide) in paragraph at lines 27--28
\TU/lmr/m/n/10 al-
 []


Overfull \hbox (25.33pt too wide) in paragraph at lines 27--28
\TU/lmr/m/n/10 go-
 []


Overfull \hbox (40.42pt too wide) in paragraph at lines 27--28
\TU/lmr/m/n/10 rithms
 []


Overfull \hbox (22.56pt too wide) in paragraph at lines 27--28
\TU/lmr/m/n/10 on
 []


Overfull \hbox (27.86pt too wide) in paragraph at lines 27--28
\TU/lmr/m/n/10 raw
 []


Overfull \hbox (34.77pt too wide) in paragraph at lines 27--28
\TU/lmr/m/n/10 time-
 []


Overfull \hbox (30.94pt too wide) in paragraph at lines 27--28
\TU/lmr/m/n/10 base
 []


Overfull \hbox (34.23pt too wide) in paragraph at lines 27--28
\TU/lmr/m/n/10 data. 
 []


Overfull \hbox (17.00002pt too wide) in paragraph at lines 28--29
[]
 []


Overfull \hbox (61.46pt too wide) in paragraph at lines 28--29
\TU/lmr/m/n/10 Maintained
 []


Overfull \hbox (31.47pt too wide) in paragraph at lines 28--29
\TU/lmr/m/n/10 real-
 []


Overfull \hbox (31.44pt too wide) in paragraph at lines 28--29
\TU/lmr/m/n/10 time
 []


Overfull \hbox (24.36pt too wide) in paragraph at lines 28--29
\TU/lmr/m/n/10 Li-
 []


Overfull \hbox (34.22pt too wide) in paragraph at lines 28--29
\TU/lmr/m/n/10 DAR
 []


Overfull \hbox (29.81pt too wide) in paragraph at lines 28--29
\TU/lmr/m/n/10 pro-
 []


Overfull \hbox (32.09pt too wide) in paragraph at lines 28--29
\TU/lmr/m/n/10 cess-
 []


Overfull \hbox (25.34pt too wide) in paragraph at lines 28--29
\TU/lmr/m/n/10 ing
 []


Overfull \hbox (23.11pt too wide) in paragraph at lines 28--29
\TU/lmr/m/n/10 al-
 []


Overfull \hbox (25.33pt too wide) in paragraph at lines 28--29
\TU/lmr/m/n/10 go-
 []


Overfull \hbox (40.42pt too wide) in paragraph at lines 28--29
\TU/lmr/m/n/10 rithms
 []


Overfull \hbox (25.33pt too wide) in paragraph at lines 28--29
\TU/lmr/m/n/10 en-
 []


Overfull \hbox (28.75pt too wide) in paragraph at lines 28--29
\TU/lmr/m/n/10 sur-
 []


Overfull \hbox (25.34pt too wide) in paragraph at lines 28--29
\TU/lmr/m/n/10 ing
 []


Overfull \hbox (23.69pt too wide) in paragraph at lines 28--29
\TU/lmr/m/n/10 re-
 []


Overfull \hbox (20.89pt too wide) in paragraph at lines 28--29
\TU/lmr/m/n/10 li-
 []


Overfull \hbox (29.78pt too wide) in paragraph at lines 28--29
\TU/lmr/m/n/10 able
 []


Overfull \hbox (29.53pt too wide) in paragraph at lines 28--29
\TU/lmr/m/n/10 per-
 []


Overfull \hbox (27.31pt too wide) in paragraph at lines 28--29
\TU/lmr/m/n/10 for-
 []


Overfull \hbox (39.77pt too wide) in paragraph at lines 28--29
\TU/lmr/m/n/10 mance
 []


Overfull \hbox (25.61pt too wide) in paragraph at lines 28--29
\TU/lmr/m/n/10 be-
 []


Overfull \hbox (36.99pt too wide) in paragraph at lines 28--29
\TU/lmr/m/n/10 tween
 []


Overfull \hbox (36.03pt too wide) in paragraph at lines 28--29
\TU/lmr/m/n/10 ARM
 []


Overfull \hbox (29.81pt too wide) in paragraph at lines 28--29
\TU/lmr/m/n/10 pro-
 []


Overfull \hbox (28.15pt too wide) in paragraph at lines 28--29
\TU/lmr/m/n/10 ces-
 []


Overfull \hbox (24.86pt too wide) in paragraph at lines 28--29
\TU/lmr/m/n/10 sor
 []


Overfull \hbox (28.12pt too wide) in paragraph at lines 28--29
\TU/lmr/m/n/10 and
 []


Overfull \hbox (30.39pt too wide) in paragraph at lines 28--29
\TU/lmr/m/n/10 host
 []


Overfull \hbox (31.45pt too wide) in paragraph at lines 28--29
\TU/lmr/m/n/10 with
 []


Overfull \hbox (32.84pt too wide) in paragraph at lines 28--29
\TU/lmr/m/n/10 PTP
 []


Overfull \hbox (30.11pt too wide) in paragraph at lines 28--29
\TU/lmr/m/n/10 syn-
 []


Overfull \hbox (33.97pt too wide) in paragraph at lines 28--29
\TU/lmr/m/n/10 chro-
 []


Overfull \hbox (33.11pt too wide) in paragraph at lines 28--29
\TU/lmr/m/n/10 niza-
 []


Overfull \hbox (32.01pt too wide) in paragraph at lines 28--29
\TU/lmr/m/n/10 tion. 
 []


Overfull \hbox (17.00002pt too wide) in paragraph at lines 29--30
[]
 []


Overfull \hbox (68.66pt too wide) in paragraph at lines 29--30
\TU/lmr/m/n/10 Implemented
 []


Overfull \hbox (17.0pt too wide) in paragraph at lines 29--30
\TU/lmr/m/n/10 a
 []


Overfull \hbox (28.14pt too wide) in paragraph at lines 29--30
\TU/lmr/m/n/10 real
 []


Overfull \hbox (31.44pt too wide) in paragraph at lines 29--30
\TU/lmr/m/n/10 time
 []


Overfull \hbox (23.39pt too wide) in paragraph at lines 29--30
\TU/lmr/m/n/10 vi-
 []


Overfull \hbox (24.83pt too wide) in paragraph at lines 29--30
\TU/lmr/m/n/10 su-
 []


Overfull \hbox (23.11pt too wide) in paragraph at lines 29--30
\TU/lmr/m/n/10 al-
 []


Overfull \hbox (27.58pt too wide) in paragraph at lines 29--30
\TU/lmr/m/n/10 izer
 []


Overfull \hbox (35.76pt too wide) in paragraph at lines 29--30
\TU/lmr/m/n/10 PyQt
 []


Overfull \hbox (31.45pt too wide) in paragraph at lines 29--30
\TU/lmr/m/n/10 with
 []


Overfull \hbox (35.61pt too wide) in paragraph at lines 29--30
\TU/lmr/m/n/10 MVC
 []


Overfull \hbox (29.78pt too wide) in paragraph at lines 29--30
\TU/lmr/m/n/10 pat-
 []


Overfull \hbox (32.59pt too wide) in paragraph at lines 29--30
\TU/lmr/m/n/10 tern,
 []


Overfull \hbox (23.67pt too wide) in paragraph at lines 29--30
\TU/lmr/m/n/10 in-
 []


Overfull \hbox (23.66pt too wide) in paragraph at lines 29--30
\TU/lmr/m/n/10 te-
 []


Overfull \hbox (33.14pt too wide) in paragraph at lines 29--30
\TU/lmr/m/n/10 grat-
 []


Overfull \hbox (25.34pt too wide) in paragraph at lines 29--30
\TU/lmr/m/n/10 ing
 []


Overfull \hbox (25.89pt too wide) in paragraph at lines 29--30
\TU/lmr/m/n/10 the
 []


Overfull \hbox (27.84pt too wide) in paragraph at lines 29--30
\TU/lmr/m/n/10 SW
 []


Overfull \hbox (35.33pt too wide) in paragraph at lines 29--30
\TU/lmr/m/n/10 back-
 []


Overfull \hbox (27.56pt too wide) in paragraph at lines 29--30
\TU/lmr/m/n/10 end
 []


Overfull \hbox (29.92pt too wide) in paragraph at lines 29--30
\TU/lmr/m/n/10 API
 []


Overfull \hbox (31.45pt too wide) in paragraph at lines 29--30
\TU/lmr/m/n/10 with
 []


Overfull \hbox (28.39pt too wide) in paragraph at lines 29--30
\TU/lmr/m/n/10 fox-
 []


Overfull \hbox (36.72pt too wide) in paragraph at lines 29--30
\TU/lmr/m/n/10 glove. 
 []

! Undefined control sequence.
l.33 \noindent\tikz
                   {\draw[dashed, color=lightgray, line width=0.3pt] (0,0) -...
The control sequence at the end of the top line
of your error message was never \def'ed. If you have
misspelled it (e.g., `\hobx'), type `I' and the correct
spelling (e.g., `I\hbox'). Otherwise just continue,
and I'll forget about whatever was undefined.

! Undefined control sequence.
l.33 \noindent\tikz{\draw
                         [dashed, color=lightgray, line width=0.3pt] (0,0) -...
The control sequence at the end of the top line
of your error message was never \def'ed. If you have
misspelled it (e.g., `\hobx'), type `I' and the correct
spelling (e.g., `I\hbox'). Otherwise just continue,
and I'll forget about whatever was undefined.

Missing character: There is no [ in font nullfont!
Missing character: There is no d in font nullfont!
Missing character: There is no a in font nullfont!
Missing character: There is no s in font nullfont!
Missing character: There is no h in font nullfont!
Missing character: There is no e in font nullfont!
Missing character: There is no d in font nullfont!
Missing character: There is no , in font nullfont!
Missing character: There is no c in font nullfont!
Missing character: There is no o in font nullfont!
Missing character: There is no l in font nullfont!
Missing character: There is no o in font nullfont!
Missing character: There is no r in font nullfont!
Missing character: There is no = in font nullfont!
Missing character: There is no l in font nullfont!
Missing character: There is no i in font nullfont!
Missing character: There is no g in font nullfont!
Missing character: There is no h in font nullfont!
Missing character: There is no t in font nullfont!
Missing character: There is no g in font nullfont!
Missing character: There is no r in font nullfont!
Missing character: There is no a in font nullfont!
Missing character: There is no y in font nullfont!
Missing character: There is no , in font nullfont!
Missing character: There is no l in font nullfont!
Missing character: There is no i in font nullfont!
Missing character: There is no n in font nullfont!
Missing character: There is no e in font nullfont!
Missing character: There is no w in font nullfont!
Missing character: There is no i in font nullfont!
Missing character: There is no d in font nullfont!
Missing character: There is no t in font nullfont!
Missing character: There is no h in font nullfont!
Missing character: There is no = in font nullfont!
Missing character: There is no 0 in font nullfont!
Missing character: There is no . in font nullfont!
Missing character: There is no 3 in font nullfont!
Missing character: There is no p in font nullfont!
Missing character: There is no t in font nullfont!
Missing character: There is no ] in font nullfont!
Missing character: There is no ( in font nullfont!
Missing character: There is no 0 in font nullfont!
Missing character: There is no , in font nullfont!
Missing character: There is no 0 in font nullfont!
Missing character: There is no ) in font nullfont!
Missing character: There is no - in font nullfont!
Missing character: There is no - in font nullfont!
Missing character: There is no ( in font nullfont!
! Illegal unit of measure (pt inserted).
<to be read again> 
                   )
l.33 ... line width=0.3pt] (0,0) -- (\textwidth,0)
                                                  ;} \\[-4pt]
Dimensions can be in units of em, ex, in, pt, pc,
cm, mm, dd, cc, bp, or sp; but yours is a new one!
I'll assume that you meant to say pt, for printer's points.
To recover gracefully from this error, it's best to
delete the erroneous units; e.g., type `2' to delete
two letters. (See Chapter 27 of The TeXbook.)

Missing character: There is no ) in font nullfont!
Missing character: There is no ; in font nullfont!
! Undefined control sequence.
l.37 {\setmainfont
                  {Rubik Medium}\fontsize{10}{14}\selectfont\textcolor{black...
The control sequence at the end of the top line
of your error message was never \def'ed. If you have
misspelled it (e.g., `\hobx'), type `I' and the correct
spelling (e.g., `I\hbox'). Otherwise just continue,
and I'll forget about whatever was undefined.

Missing character: There is no R in font nullfont!
Missing character: There is no u in font nullfont!
Missing character: There is no b in font nullfont!
Missing character: There is no i in font nullfont!
Missing character: There is no k in font nullfont!
Missing character: There is no M in font nullfont!
Missing character: There is no e in font nullfont!
Missing character: There is no d in font nullfont!
Missing character: There is no i in font nullfont!
Missing character: There is no u in font nullfont!
Missing character: There is no m in font nullfont!
! Undefined control sequence.
l.37 ...ium}\fontsize{10}{14}\selectfont\textcolor
                                                  {black}{Software Developer}}
The control sequence at the end of the top line
of your error message was never \def'ed. If you have
misspelled it (e.g., `\hobx'), type `I' and the correct
spelling (e.g., `I\hbox'). Otherwise just continue,
and I'll forget about whatever was undefined.


Overfull \hbox (20.0pt too wide) in paragraph at lines 37--38
[]
 []


Overfull \hbox (26.11pt too wide) in paragraph at lines 37--38
\TU/lmr/m/n/10 black-
 []


Overfull \hbox (20.84pt too wide) in paragraph at lines 37--38
\TU/lmr/m/n/10 Soft-
 []


Overfull \hbox (20.3pt too wide) in paragraph at lines 37--38
\TU/lmr/m/n/10 ware
 []


Overfull \hbox (15.41pt too wide) in paragraph at lines 37--38
\TU/lmr/m/n/10 De-
 []


Overfull \hbox (15.55pt too wide) in paragraph at lines 37--38
\TU/lmr/m/n/10 vel-
 []


Overfull \hbox (19.2pt too wide) in paragraph at lines 37--38
\TU/lmr/m/n/10 oper 
 []

! Undefined control sequence.
l.39 {\setmainfont
                  {Rubik Medium}\fontsize{10}{14}\selectfont\textcolor{blue}...
The control sequence at the end of the top line
of your error message was never \def'ed. If you have
misspelled it (e.g., `\hobx'), type `I' and the correct
spelling (e.g., `I\hbox'). Otherwise just continue,
and I'll forget about whatever was undefined.

Missing character: There is no R in font nullfont!
Missing character: There is no u in font nullfont!
Missing character: There is no b in font nullfont!
Missing character: There is no i in font nullfont!
Missing character: There is no k in font nullfont!
Missing character: There is no M in font nullfont!
Missing character: There is no e in font nullfont!
Missing character: There is no d in font nullfont!
Missing character: There is no i in font nullfont!
Missing character: There is no u in font nullfont!
Missing character: There is no m in font nullfont!
! Undefined control sequence.
l.39 ...ium}\fontsize{10}{14}\selectfont\textcolor
                                                  {blue}{Navimatix GmbH}}\\[...
The control sequence at the end of the top line
of your error message was never \def'ed. If you have
misspelled it (e.g., `\hobx'), type `I' and the correct
spelling (e.g., `I\hbox'). Otherwise just continue,
and I'll forget about whatever was undefined.


Overfull \hbox (20.0pt too wide) in paragraph at lines 39--40
[]
 []


Overfull \hbox (17.23pt too wide) in paragraph at lines 39--40
\TU/lmr/m/n/10 blu-
 []


Overfull \hbox (7.77pt too wide) in paragraph at lines 39--40
\TU/lmr/m/n/10 e-
 []


Overfull \hbox (20.83pt too wide) in paragraph at lines 39--40
\TU/lmr/m/n/10 Nav-
 []


Overfull \hbox (6.11pt too wide) in paragraph at lines 39--40
\TU/lmr/m/n/10 i-
 []


Overfull \hbox (25.28pt too wide) in paragraph at lines 39--40
\TU/lmr/m/n/10 matix
 []


Overfull \hbox (28.96pt too wide) in paragraph at lines 39--40
\TU/lmr/m/n/10 GmbH 
 []

! Undefined control sequence.
l.41 {\fontspec
               {Rubik Light}[Scale=0.8]
The control sequence at the end of the top line
of your error message was never \def'ed. If you have
misspelled it (e.g., `\hobx'), type `I' and the correct
spelling (e.g., `I\hbox'). Otherwise just continue,
and I'll forget about whatever was undefined.

Missing character: There is no R in font nullfont!
Missing character: There is no u in font nullfont!
Missing character: There is no b in font nullfont!
Missing character: There is no i in font nullfont!
Missing character: There is no k in font nullfont!
Missing character: There is no L in font nullfont!
Missing character: There is no i in font nullfont!
Missing character: There is no g in font nullfont!
Missing character: There is no h in font nullfont!
Missing character: There is no t in font nullfont!
Missing character: There is no [ in font nullfont!
Missing character: There is no S in font nullfont!
Missing character: There is no c in font nullfont!
Missing character: There is no a in font nullfont!
Missing character: There is no l in font nullfont!
Missing character: There is no e in font nullfont!
Missing character: There is no = in font nullfont!
Missing character: There is no 0 in font nullfont!
Missing character: There is no . in font nullfont!
Missing character: There is no 8 in font nullfont!
Missing character: There is no ] in font nullfont!
! Undefined control sequence.
l.42 \textcolor
               {gray}{
The control sequence at the end of the top line
of your error message was never \def'ed. If you have
misspelled it (e.g., `\hobx'), type `I' and the correct
spelling (e.g., `I\hbox'). Otherwise just continue,
and I'll forget about whatever was undefined.

Missing character: There is no g in font nullfont!
Missing character: There is no r in font nullfont!
Missing character: There is no a in font nullfont!
Missing character: There is no y in font nullfont!
! Undefined control sequence.
l.43 \faCalendar
                \hspace{4pt}01/2019 - 07/2021\hspace{1.5em}
The control sequence at the end of the top line
of your error message was never \def'ed. If you have
misspelled it (e.g., `\hobx'), type `I' and the correct
spelling (e.g., `I\hbox'). Otherwise just continue,
and I'll forget about whatever was undefined.

Missing character: There is no 0 in font nullfont!
Missing character: There is no 1 in font nullfont!
Missing character: There is no / in font nullfont!
Missing character: There is no 2 in font nullfont!
Missing character: There is no 0 in font nullfont!
Missing character: There is no 1 in font nullfont!
Missing character: There is no 9 in font nullfont!
Missing character: There is no - in font nullfont!
Missing character: There is no 0 in font nullfont!
Missing character: There is no 7 in font nullfont!
Missing character: There is no / in font nullfont!
Missing character: There is no 2 in font nullfont!
Missing character: There is no 0 in font nullfont!
Missing character: There is no 2 in font nullfont!
Missing character: There is no 1 in font nullfont!
! Undefined control sequence.
l.44 \faMapMarker
                 *\hspace{4pt}Jena, Thuringen, Germany
The control sequence at the end of the top line
of your error message was never \def'ed. If you have
misspelled it (e.g., `\hobx'), type `I' and the correct
spelling (e.g., `I\hbox'). Otherwise just continue,
and I'll forget about whatever was undefined.

Missing character: There is no * in font nullfont!
Missing character: There is no J in font nullfont!
Missing character: There is no e in font nullfont!
Missing character: There is no n in font nullfont!
Missing character: There is no a in font nullfont!
Missing character: There is no , in font nullfont!
Missing character: There is no T in font nullfont!
Missing character: There is no h in font nullfont!
Missing character: There is no u in font nullfont!
Missing character: There is no r in font nullfont!
Missing character: There is no i in font nullfont!
Missing character: There is no n in font nullfont!
Missing character: There is no g in font nullfont!
Missing character: There is no e in font nullfont!
Missing character: There is no n in font nullfont!
Missing character: There is no , in font nullfont!
Missing character: There is no G in font nullfont!
Missing character: There is no e in font nullfont!
Missing character: There is no r in font nullfont!
Missing character: There is no m in font nullfont!
Missing character: There is no a in font nullfont!
Missing character: There is no n in font nullfont!
Missing character: There is no y in font nullfont!

Overfull \hbox (20.0pt too wide) in paragraph at lines 41--46
[]
 []

! Undefined control sequence.
l.47 {\setmainfont
                  {Rubik Light}\fontsize{10}{13}\selectfont
The control sequence at the end of the top line
of your error message was never \def'ed. If you have
misspelled it (e.g., `\hobx'), type `I' and the correct
spelling (e.g., `I\hbox'). Otherwise just continue,
and I'll forget about whatever was undefined.

Missing character: There is no R in font nullfont!
Missing character: There is no u in font nullfont!
Missing character: There is no b in font nullfont!
Missing character: There is no i in font nullfont!
Missing character: There is no k in font nullfont!
Missing character: There is no L in font nullfont!
Missing character: There is no i in font nullfont!
Missing character: There is no g in font nullfont!
Missing character: There is no h in font nullfont!
Missing character: There is no t in font nullfont!
! Undefined control sequence.
l.48 \color
           {gray}
The control sequence at the end of the top line
of your error message was never \def'ed. If you have
misspelled it (e.g., `\hobx'), type `I' and the correct
spelling (e.g., `I\hbox'). Otherwise just continue,
and I'll forget about whatever was undefined.


Overfull \hbox (20.0pt too wide) in paragraph at lines 47--56
[]
 []


Overfull \hbox (18.92pt too wide) in paragraph at lines 47--56
\TU/lmr/m/n/10 gray
 []


Overfull \hbox (17.00002pt too wide) in paragraph at lines 57--59
[]
 []


Overfull \hbox (68.66pt too wide) in paragraph at lines 57--59
\TU/lmr/m/n/10 Implemented
 []


Overfull \hbox (22.56pt too wide) in paragraph at lines 57--59
\TU/lmr/m/n/10 an
 []


Overfull \hbox (26.44pt too wide) in paragraph at lines 57--59
\TU/lmr/m/n/10 im-
 []


Overfull \hbox (26.44pt too wide) in paragraph at lines 57--59
\TU/lmr/m/n/10 age
 []


Overfull \hbox (29.81pt too wide) in paragraph at lines 57--59
\TU/lmr/m/n/10 pro-
 []


Overfull \hbox (32.09pt too wide) in paragraph at lines 57--59
\TU/lmr/m/n/10 cess-
 []


Overfull \hbox (25.34pt too wide) in paragraph at lines 57--59
\TU/lmr/m/n/10 ing
 []


Overfull \hbox (46.18001pt too wide) in paragraph at lines 57--59
\TU/lmr/m/n/10 pipeline
 []


Overfull \hbox (23.98pt too wide) in paragraph at lines 57--59
\TU/lmr/m/n/10 for
 []


Overfull \hbox (30.33pt too wide) in paragraph at lines 57--59
\TU/lmr/m/n/10 bac-
 []


Overfull \hbox (23.66pt too wide) in paragraph at lines 57--59
\TU/lmr/m/n/10 te-
 []


Overfull \hbox (23.7pt too wide) in paragraph at lines 57--59
\TU/lmr/m/n/10 ria
 []


Overfull \hbox (39.5pt too wide) in paragraph at lines 57--59
\TU/lmr/m/n/10 count-
 []


Overfull \hbox (25.34pt too wide) in paragraph at lines 57--59
\TU/lmr/m/n/10 ing
 []


Overfull \hbox (22.56pt too wide) in paragraph at lines 57--59
\TU/lmr/m/n/10 on
 []


Overfull \hbox (26.45pt too wide) in paragraph at lines 57--59
\TU/lmr/m/n/10 flu-
 []


Overfull \hbox (20.33pt too wide) in paragraph at lines 57--59
\TU/lmr/m/n/10 o-
 []


Overfull \hbox (27.63pt too wide) in paragraph at lines 57--59
\TU/lmr/m/n/10 res-
 []


Overfull \hbox (35.32pt too wide) in paragraph at lines 57--59
\TU/lmr/m/n/10 cence
 []


Overfull \hbox (26.44pt too wide) in paragraph at lines 57--59
\TU/lmr/m/n/10 mi-
 []


Overfull \hbox (49.3pt too wide) in paragraph at lines 57--59
\TU/lmr/m/n/10 croscopy
 []


Overfull \hbox (26.44pt too wide) in paragraph at lines 57--59
\TU/lmr/m/n/10 im-
 []


Overfull \hbox (30.38pt too wide) in paragraph at lines 57--59
\TU/lmr/m/n/10 ages
 []


Overfull \hbox (21.59pt too wide) in paragraph at lines 57--59
\TU/lmr/m/n/10 E.
 []


Overfull \hbox (29.78pt too wide) in paragraph at lines 57--59
\TU/lmr/m/n/10 coli,
 []


Overfull \hbox (20.76pt too wide) in paragraph at lines 57--59
\TU/lmr/m/n/10 P.
 []


Overfull \hbox (39.25pt too wide) in paragraph at lines 57--59
\TU/lmr/m/n/10 aerug-
 []


Overfull \hbox (18.11pt too wide) in paragraph at lines 57--59
\TU/lmr/m/n/10 i-
 []


Overfull \hbox (34.28pt too wide) in paragraph at lines 57--59
\TU/lmr/m/n/10 nosa,
 []


Overfull \hbox (23.95pt too wide) in paragraph at lines 57--59
\TU/lmr/m/n/10 M.
 []


Overfull \hbox (24.78pt too wide) in paragraph at lines 57--59
\TU/lmr/m/n/10 tu-
 []


Overfull \hbox (29.53pt too wide) in paragraph at lines 57--59
\TU/lmr/m/n/10 ber-
 []


Overfull \hbox (25.33pt too wide) in paragraph at lines 57--59
\TU/lmr/m/n/10 cu-
 []


Overfull \hbox (23.11pt too wide) in paragraph at lines 57--59
\TU/lmr/m/n/10 lo-
 []


Overfull \hbox (25.44pt too wide) in paragraph at lines 57--59
\TU/lmr/m/n/10 sis,
 []


Overfull \hbox (20.34pt too wide) in paragraph at lines 57--59
\TU/lmr/m/n/10 S.
 []


Overfull \hbox (25.89pt too wide) in paragraph at lines 57--59
\TU/lmr/m/n/10 au-
 []


Overfull \hbox (36.53pt too wide) in paragraph at lines 57--59
\TU/lmr/m/n/10 reus),
 []


Overfull \hbox (23.67pt too wide) in paragraph at lines 57--59
\TU/lmr/m/n/10 in-
 []


Overfull \hbox (23.66pt too wide) in paragraph at lines 57--59
\TU/lmr/m/n/10 te-
 []


Overfull \hbox (33.14pt too wide) in paragraph at lines 57--59
\TU/lmr/m/n/10 grat-
 []


Overfull \hbox (25.34pt too wide) in paragraph at lines 57--59
\TU/lmr/m/n/10 ing
 []


Overfull \hbox (27.27pt too wide) in paragraph at lines 57--59
\TU/lmr/m/n/10 Im-
 []


Overfull \hbox (55.47pt too wide) in paragraph at lines 57--59
\TU/lmr/m/n/10 ageJ/FIJI
 []


Overfull \hbox (33.86pt too wide) in paragraph at lines 57--59
\TU/lmr/m/n/10 APIs
 []


Overfull \hbox (20.34pt too wide) in paragraph at lines 57--59
\TU/lmr/m/n/10 in
 []


Overfull \hbox (17.0pt too wide) in paragraph at lines 57--59
\TU/lmr/m/n/10 a
 []


Overfull \hbox (45.61pt too wide) in paragraph at lines 57--59
\TU/lmr/m/n/10 JavaFX
 []


Overfull \hbox (33.74pt too wide) in paragraph at lines 57--59
\TU/lmr/m/n/10 GUI. 
 []


Overfull \hbox (17.00002pt too wide) in paragraph at lines 59--60
[]
 []


Overfull \hbox (29.22pt too wide) in paragraph at lines 59--60
\TU/lmr/m/n/10 The
 []


Overfull \hbox (36.47pt too wide) in paragraph at lines 59--60
\TU/lmr/m/n/10 work-
 []


Overfull \hbox (29.5pt too wide) in paragraph at lines 59--60
\TU/lmr/m/n/10 flow
 []


Overfull \hbox (25.89pt too wide) in paragraph at lines 59--60
\TU/lmr/m/n/10 ap-
 []


Overfull \hbox (33.12pt too wide) in paragraph at lines 59--60
\TU/lmr/m/n/10 plied
 []


Overfull \hbox (28.94pt too wide) in paragraph at lines 59--60
\TU/lmr/m/n/10 Me-
 []


Overfull \hbox (30.9pt too wide) in paragraph at lines 59--60
\TU/lmr/m/n/10 dian
 []


Overfull \hbox (23.67pt too wide) in paragraph at lines 59--60
\TU/lmr/m/n/10 fil-
 []


Overfull \hbox (27.58pt too wide) in paragraph at lines 59--60
\TU/lmr/m/n/10 ter-
 []


Overfull \hbox (28.12pt too wide) in paragraph at lines 59--60
\TU/lmr/m/n/10 ing,
 []


Overfull \hbox (32.28pt too wide) in paragraph at lines 59--60
\TU/lmr/m/n/10 ISO-
 []


Overfull \hbox (39.92pt too wide) in paragraph at lines 59--60
\TU/lmr/m/n/10 DATA
 []


Overfull \hbox (28.71pt too wide) in paragraph at lines 59--60
\TU/lmr/m/n/10 seg-
 []


Overfull \hbox (33.66pt too wide) in paragraph at lines 59--60
\TU/lmr/m/n/10 men-
 []


Overfull \hbox (24.22pt too wide) in paragraph at lines 59--60
\TU/lmr/m/n/10 ta-
 []


Overfull \hbox (32.01pt too wide) in paragraph at lines 59--60
\TU/lmr/m/n/10 tion,
 []


Overfull \hbox (38.95pt too wide) in paragraph at lines 59--60
\TU/lmr/m/n/10 Open-
 []


Overfull \hbox (25.34pt too wide) in paragraph at lines 59--60
\TU/lmr/m/n/10 ing
 []


Overfull \hbox (23.67pt too wide) in paragraph at lines 59--60
\TU/lmr/m/n/10 fil-
 []


Overfull \hbox (30.97pt too wide) in paragraph at lines 59--60
\TU/lmr/m/n/10 ters,
 []


Overfull \hbox (28.12pt too wide) in paragraph at lines 59--60
\TU/lmr/m/n/10 and
 []


Overfull \hbox (42.28pt too wide) in paragraph at lines 59--60
\TU/lmr/m/n/10 2D/3D
 []


Overfull \hbox (25.89pt too wide) in paragraph at lines 59--60
\TU/lmr/m/n/10 ob-
 []


Overfull \hbox (27.83pt too wide) in paragraph at lines 59--60
\TU/lmr/m/n/10 ject
 []


Overfull \hbox (39.5pt too wide) in paragraph at lines 59--60
\TU/lmr/m/n/10 count-
 []


Overfull \hbox (25.34pt too wide) in paragraph at lines 59--60
\TU/lmr/m/n/10 ing
 []


Overfull \hbox (24.83pt too wide) in paragraph at lines 59--60
\TU/lmr/m/n/10 us-
 []


Overfull \hbox (25.34pt too wide) in paragraph at lines 59--60
\TU/lmr/m/n/10 ing
 []


Overfull \hbox (44.77pt too wide) in paragraph at lines 59--60
\TU/lmr/m/n/10 convex-
 []


Overfull \hbox (35.33pt too wide) in paragraph at lines 59--60
\TU/lmr/m/n/10 acute
 []


Overfull \hbox (25.89pt too wide) in paragraph at lines 59--60
\TU/lmr/m/n/10 an-
 []


Overfull \hbox (28.16pt too wide) in paragraph at lines 59--60
\TU/lmr/m/n/10 gles
 []


Overfull \hbox (20.89pt too wide) in paragraph at lines 59--60
\TU/lmr/m/n/10 to
 []


Overfull \hbox (29.27pt too wide) in paragraph at lines 59--60
\TU/lmr/m/n/10 sep-
 []


Overfull \hbox (20.33pt too wide) in paragraph at lines 59--60
\TU/lmr/m/n/10 a-
 []


Overfull \hbox (29.25pt too wide) in paragraph at lines 59--60
\TU/lmr/m/n/10 rate
 []


Overfull \hbox (33.41pt too wide) in paragraph at lines 59--60
\TU/lmr/m/n/10 over-
 []


Overfull \hbox (28.67pt too wide) in paragraph at lines 59--60
\TU/lmr/m/n/10 lap-
 []


Overfull \hbox (30.9pt too wide) in paragraph at lines 59--60
\TU/lmr/m/n/10 ping
 []


Overfull \hbox (31.85pt too wide) in paragraph at lines 59--60
\TU/lmr/m/n/10 Bac-
 []


Overfull \hbox (23.66pt too wide) in paragraph at lines 59--60
\TU/lmr/m/n/10 te-
 []


Overfull \hbox (26.48pt too wide) in paragraph at lines 59--60
\TU/lmr/m/n/10 ria. 
 []


Overfull \hbox (17.00002pt too wide) in paragraph at lines 60--62
[]
 []


Overfull \hbox (68.66pt too wide) in paragraph at lines 60--62
\TU/lmr/m/n/10 Implemented
 []


Overfull \hbox (28.99pt too wide) in paragraph at lines 60--62
\TU/lmr/m/n/10 sev-
 []


Overfull \hbox (28.14pt too wide) in paragraph at lines 60--62
\TU/lmr/m/n/10 eral
 []


Overfull \hbox (29.86pt too wide) in paragraph at lines 60--62
\TU/lmr/m/n/10 user
 []


Overfull \hbox (23.67pt too wide) in paragraph at lines 60--62
\TU/lmr/m/n/10 in-
 []


Overfull \hbox (27.58pt too wide) in paragraph at lines 60--62
\TU/lmr/m/n/10 ter-
 []


Overfull \hbox (28.94pt too wide) in paragraph at lines 60--62
\TU/lmr/m/n/10 face
 []


Overfull \hbox (25.89pt too wide) in paragraph at lines 60--62
\TU/lmr/m/n/10 ap-
 []


Overfull \hbox (26.45pt too wide) in paragraph at lines 60--62
\TU/lmr/m/n/10 pli-
 []


Overfull \hbox (24.77pt too wide) in paragraph at lines 60--62
\TU/lmr/m/n/10 ca-
 []


Overfull \hbox (33.17pt too wide) in paragraph at lines 60--62
\TU/lmr/m/n/10 tions
 []


Overfull \hbox (20.34pt too wide) in paragraph at lines 60--62
\TU/lmr/m/n/10 in
 []


Overfull \hbox (31.58pt too wide) in paragraph at lines 60--62
\TU/lmr/m/n/10 Java
 []


Overfull \hbox (45.61pt too wide) in paragraph at lines 60--62
\TU/lmr/m/n/10 JavaFX
 []


Overfull \hbox (14.78pt too wide) in paragraph at lines 60--62
\TU/lmr/m/n/10 ,
 []


Overfull \hbox (27.55pt too wide) in paragraph at lines 60--62
\TU/lmr/m/n/10 C#
 []


Overfull \hbox (34.5pt too wide) in paragraph at lines 60--62
\TU/lmr/m/n/10 (.Net
 []


Overfull \hbox (42.72pt too wide) in paragraph at lines 60--62
\TU/lmr/m/n/10 Frame-
 []


Overfull \hbox (33.14pt too wide) in paragraph at lines 60--62
\TU/lmr/m/n/10 work
 []


Overfull \hbox (35.62pt too wide) in paragraph at lines 60--62
\TU/lmr/m/n/10 WPF
 []


Overfull \hbox (28.12pt too wide) in paragraph at lines 60--62
\TU/lmr/m/n/10 and
 []


Overfull \hbox (30.19pt too wide) in paragraph at lines 60--62
\TU/lmr/m/n/10 Del-
 []


Overfull \hbox (25.9pt too wide) in paragraph at lines 60--62
\TU/lmr/m/n/10 phi 
 []

)
! Emergency stop.
<*> ./experience.tex
                    
*** (job aborted, no legal \end found)

 
Here is how much of TeX's memory you used:
 27 strings out of 405075
 558 string characters out of 5499983
 424773 words of memory out of 5000000
 26729 multiletter control sequences out of 15000+600000
 626841 words of font info for 42 fonts, out of 8000000 for 9000
 1348 hyphenation exceptions out of 8191
 26i,5n,25p,228b,181s stack positions out of 10000i,1000n,20000p,200000b,200000s
Output written on experience.pdf (1 page).
